stm32469i_discovery_sd.c:214:9:BSP_SD_ITConfig	32	static
stm32469i_discovery_sd.c:236:9:BSP_SD_IsDetected	16	static
stm32469i_discovery_sd.c:257:9:BSP_SD_ReadBlocks	16	static
stm32469i_discovery_sd.c:277:9:BSP_SD_WriteBlocks	16	static
stm32469i_discovery_sd.c:296:9:BSP_SD_ReadBlocks_DMA	8	static
stm32469i_discovery_sd.c:316:9:BSP_SD_WriteBlocks_DMA	8	static
stm32469i_discovery_sd.c:335:9:BSP_SD_Erase	8	static
stm32469i_discovery_sd.c:352:13:BSP_SD_MspInit	96	static
stm32469i_discovery_sd.c:451:13:BSP_SD_Detect_MspInit	32	static
stm32469i_discovery_sd.c:139:9:BSP_SD_Init	16	static
stm32469i_discovery_sd.c:470:13:BSP_SD_MspDeInit	8	static
stm32469i_discovery_sd.c:191:9:BSP_SD_DeInit	16	static
stm32469i_discovery_sd.c:507:9:BSP_SD_GetCardState	8	static
stm32469i_discovery_sd.c:518:6:BSP_SD_GetCardInfo	0	static
stm32469i_discovery_sd.c:558:13:BSP_SD_AbortCallback	0	static
stm32469i_discovery_sd.c:529:6:HAL_SD_AbortCallback	8	static
stm32469i_discovery_sd.c:567:13:BSP_SD_WriteCpltCallback	0	static
stm32469i_discovery_sd.c:539:6:HAL_SD_TxCpltCallback	8	static
stm32469i_discovery_sd.c:576:13:BSP_SD_ReadCpltCallback	0	static
stm32469i_discovery_sd.c:549:6:HAL_SD_RxCpltCallback	8	static
