stm32f4xx_hal_sai.c:2082:13:SAI_FillFifo	8	static
stm32f4xx_hal_sai.c:2112:17:SAI_InterruptFlag	0	static
stm32f4xx_hal_sai.c:2145:26:SAI_Disable	0	static
stm32f4xx_hal_sai.c:611:13:HAL_SAI_MspInit	0	static
stm32f4xx_hal_sai.c:371:19:HAL_SAI_Init	16	static
stm32f4xx_hal_sai.c:332:19:HAL_SAI_InitProtocol	8	static
stm32f4xx_hal_sai.c:627:13:HAL_SAI_MspDeInit	0	static
stm32f4xx_hal_sai.c:562:19:HAL_SAI_DeInit	16	static
stm32f4xx_hal_sai.c:868:19:HAL_SAI_Transmit	24	static
stm32f4xx_hal_sai.c:968:19:HAL_SAI_Receive	24	static
stm32f4xx_hal_sai.c:1065:19:HAL_SAI_Transmit_IT	8	static
stm32f4xx_hal_sai.c:1127:19:HAL_SAI_Receive_IT	8	static
stm32f4xx_hal_sai.c:1185:19:HAL_SAI_DMAPause	0	static
stm32f4xx_hal_sai.c:1205:19:HAL_SAI_DMAResume	0	static
stm32f4xx_hal_sai.c:1232:19:HAL_SAI_DMAStop	16	static
stm32f4xx_hal_sai.c:1291:19:HAL_SAI_Abort	16	static
stm32f4xx_hal_sai.c:1360:19:HAL_SAI_Transmit_DMA	24	static
stm32f4xx_hal_sai.c:1429:19:HAL_SAI_Receive_DMA	24	static
stm32f4xx_hal_sai.c:1497:19:HAL_SAI_EnableTxMuteMode	0	static
stm32f4xx_hal_sai.c:1516:19:HAL_SAI_DisableTxMuteMode	0	static
stm32f4xx_hal_sai.c:1534:19:HAL_SAI_EnableRxMuteMode	8	static
stm32f4xx_hal_sai.c:1557:19:HAL_SAI_DisableRxMuteMode	0	static
stm32f4xx_hal_sai.c:1788:13:HAL_SAI_TxCpltCallback	0	static
stm32f4xx_hal_sai.c:2231:13:SAI_Transmit_IT32Bit.part.0	8	static
stm32f4xx_hal_sai.c:2202:13:SAI_Transmit_IT16Bit	4	static
stm32f4xx_hal_sai.c:2174:13:SAI_Transmit_IT8Bit	0	static
stm32f4xx_hal_sai.c:2231:13:SAI_Transmit_IT32Bit	4	static
stm32f4xx_hal_sai.c:2352:13:SAI_DMATxCplt	16	static
stm32f4xx_hal_sai.c:1804:13:HAL_SAI_TxHalfCpltCallback	0	static
stm32f4xx_hal_sai.c:2381:13:SAI_DMATxHalfCplt	8	static
stm32f4xx_hal_sai.c:1820:13:HAL_SAI_RxCpltCallback	0	static
stm32f4xx_hal_sai.c:2321:13:SAI_Receive_IT32Bit	16	static
stm32f4xx_hal_sai.c:2290:13:SAI_Receive_IT16Bit	16	static
stm32f4xx_hal_sai.c:2260:13:SAI_Receive_IT8Bit	8	static
stm32f4xx_hal_sai.c:2398:13:SAI_DMARxCplt	16	static
stm32f4xx_hal_sai.c:1836:13:HAL_SAI_RxHalfCpltCallback	0	static
stm32f4xx_hal_sai.c:2426:13:SAI_DMARxHalfCplt	8	static
stm32f4xx_hal_sai.c:1852:13:HAL_SAI_ErrorCallback	0	static
stm32f4xx_hal_sai.c:2443:13:SAI_DMAError	8	static
stm32f4xx_hal_sai.c:1576:6:HAL_SAI_IRQHandler	16	static
stm32f4xx_hal_sai.c:2478:13:SAI_DMAAbort	8	static
stm32f4xx_hal_sai.c:1887:22:HAL_SAI_GetState	0	static
stm32f4xx_hal_sai.c:1898:10:HAL_SAI_GetError	0	static
