stm32f4xx_hal_nor.c:297:13:HAL_NOR_MspInit	0	static
stm32f4xx_hal_nor.c:203:19:HAL_NOR_Init	16	static
stm32f4xx_hal_nor.c:312:13:HAL_NOR_MspDeInit	0	static
stm32f4xx_hal_nor.c:264:19:HAL_NOR_DeInit	8	static
stm32f4xx_hal_nor.c:328:13:HAL_NOR_MspWait	0	static
stm32f4xx_hal_nor.c:364:19:HAL_NOR_Read_ID	16	static
stm32f4xx_hal_nor.c:424:19:HAL_NOR_ReturnToReadMode	0	static
stm32f4xx_hal_nor.c:474:19:HAL_NOR_Read	16	static
stm32f4xx_hal_nor.c:533:19:HAL_NOR_Program	16	static
stm32f4xx_hal_nor.c:593:19:HAL_NOR_ReadBuffer	20	static
stm32f4xx_hal_nor.c:658:19:HAL_NOR_ProgramBuffer	20	static
stm32f4xx_hal_nor.c:738:19:HAL_NOR_Erase_Block	16	static
stm32f4xx_hal_nor.c:797:19:HAL_NOR_Erase_Chip	8	static
stm32f4xx_hal_nor.c:858:19:HAL_NOR_Read_CFI	12	static
stm32f4xx_hal_nor.c:1034:19:HAL_NOR_WriteOperation_Enable	16	static
stm32f4xx_hal_nor.c:1057:19:HAL_NOR_WriteOperation_Disable	8	static
stm32f4xx_hal_nor.c:1102:22:HAL_NOR_GetState	0	static
stm32f4xx_hal_nor.c:1116:23:HAL_NOR_GetStatus	24	static
